a:3:{s:4:"name";s:121:"C:\Program Files\Apache Software Foundation\Apache2.2\htdocs\rlv2\trunk\files\A.A.2009.Pro.v4.8.Plus.Serial.life_time.rar";s:4:"size";s:8:"13.27 KB";s:4:"date";i:1246869545;}
a:3:{s:4:"name";s:118:"C:\Program Files\Apache Software Foundation\Apache2.2\htdocs\rlv2\trunk\files\Iconshock_vista_consoles_vista_icons.zip";s:4:"size";s:9:"664.64 KB";s:4:"date";i:1244944312;}
a:3:{s:4:"name";s:130:"C:\Program Files\Apache Software Foundation\Apache2.2\htdocs\rlv2\trunk\files\Iconshock_vista_consoles_vista_icons.zip.upload.html";s:4:"size";s:7:"9.31 KB";s:4:"date";i:1245223341;}
a:3:{s:4:"name";s:142:"C:\Program Files\Apache Software Foundation\Apache2.2\htdocs\rlv2\trunk\files\Iconshock_vista_consoles_vista_icons.zip.upload.html.upload.html";s:4:"size";s:7:"3.25 KB";s:4:"date";i:1246714451;}
a:3:{s:4:"name";s:112:"C:\Program Files\Apache Software Foundation\Apache2.2\htdocs\rlv2\trunk\files\Submerge_1_6_k_ETH.zip.upload.html";s:4:"size";s:7:"2.90 KB";s:4:"date";i:1245579698;}
a:3:{s:4:"name";s:124:"C:\Program Files\Apache Software Foundation\Apache2.2\htdocs\rlv2\trunk\files\Submerge_1_6_k_ETH.zip.upload.html.upload.html";s:4:"size";s:8:"591.00 B";s:4:"date";i:1246682052;}
a:3:{s:4:"name";s:91:"C:\Program Files\Apache Software Foundation\Apache2.2\htdocs\rlv2\trunk\files\myuploads.txt";s:4:"size";s:7:"3.62 KB";s:4:"date";i:1245223342;}
a:3:{s:4:"name";s:87:"C:\Program Files\Apache Software Foundation\Apache2.2\htdocs\rlv2\trunk\files\notes.txt";s:4:"size";s:6:"0.00 B";s:4:"date";i:1244816441;}
a:3:{s:4:"name";s:86:"C:\Program Files\Apache Software Foundation\Apache2.2\htdocs\rlv2\trunk\files\test.zip";s:4:"size";s:9:"817.24 KB";s:4:"date";i:1245149345;}
a:5:{s:4:"name";s:94:"C:\Program Files\Apache Software Foundation\Apache2.2\htdocs\rlv2\trunk\files\htmlentities.xxx";s:4:"size";s:8:"478.00 B";s:4:"date";i:1246881814;s:4:"link";s:35:"http://rewaz.co.cc/htmlentities.php";s:7:"comment";s:0:"";}
